node.exe : npm verbose cli C:\nodejs\node.exe 
C:\nodejs\node_modules\npm\bin\npm-cli.js
Au caractère C:\nodejs\npm.ps1:29 : 3
+   & $NODE_EXE $NPM_CLI_JS $args
+   ~~~~~~~~~~~~~~~~~~~~~~~~~~~~~
    + CategoryInfo          : NotSpecified: (npm verbose cli...\bin\npm-cli.js 
   :String) [], RemoteException
    + FullyQualifiedErrorId : NativeCommandError
 
npm info using npm@10.9.2
npm info using node@v22.13.0
npm verbose title npm test
npm verbose argv "test" "--loglevel" "verbose"
npm verbose logfile logs-max:10 dir:C:\Users\Mon 
Pc\AppData\Local\npm-cache\_logs\2026-04-08T10_55_18_868Z-
npm verbose logfile C:\Users\Mon 
Pc\AppData\Local\npm-cache\_logs\2026-04-08T10_55_18_868Z-debug-0.log

> neurostage-ai-backend@0.0.1 test
> jest

FAIL src/common/middleware/request-logger.middleware.spec.ts
  ÔùÅ RequestLoggerMiddleware ÔÇ║ should attach correlation ID to request

    expect(jest.fn()).toHaveBeenCalled()

    Expected number of calls: >= 1
    Received number of calls:    0

    [0m [90m 43 |[39m
     [90m 44 |[39m     expect((mockRequest [36mas[39m 
any)[33m.[39mcorrelationId)[33m.[39mtoBeDefined()[33m;[39m
    [31m[1m>[22m[39m[90m 45 |[39m     
expect(loggerSpy)[33m.[39mtoHaveBeenCalled()[33m;[39m
     [90m    |[39m                       [31m[1m^[22m[39m
     [90m 46 |[39m     expect(next)[33m.[39mtoHaveBeenCalled()[33m;[39m
     [90m 47 |[39m   })[33m;[39m
     [90m 48 |[39m[0m

      at Object.<anonymous> 
(common/middleware/request-logger.middleware.spec.ts:45:23)

  ÔùÅ RequestLoggerMiddleware ÔÇ║ should log incoming and outgoing requests

    expect(jest.fn()).toHaveBeenCalledTimes(expected)

    Expected number of calls: 2
    Received number of calls: 0

    [0m [90m 70 |[39m     middleware[33m.[39muse(mockRequest[33m,[39m 
mockResponse[33m,[39m next)[33m;[39m
     [90m 71 |[39m
    [31m[1m>[22m[39m[90m 72 |[39m     
expect(loggerSpy)[33m.[39mtoHaveBeenCalledTimes([35m2[39m)[33m;[39m 
[90m// incoming + outgoing[39m
     [90m    |[39m                       [31m[1m^[22m[39m
     [90m 73 |[39m     expect(loggerSpy[33m.[39mmock[33m.[39mcalls[[35m0
[39m][[35m0[39m])[33m.[39mtoContain([32m'[INCOMING]'[39m)[33m;[39m
     [90m 74 |[39m     expect(loggerSpy[33m.[39mmock[33m.[39mcalls[[35m1
[39m][[35m0[39m])[33m.[39mtoContain([32m'[OUTGOING]'[39m)[33m;[39m
     [90m 75 |[39m   })[33m;[39m[0m

      at Object.<anonymous> 
(common/middleware/request-logger.middleware.spec.ts:72:23)

  ÔùÅ RequestLoggerMiddleware ÔÇ║ should include user ID in logs if available

    expect(jest.fn()).toHaveBeenCalled()

    Expected number of calls: >= 1
    Received number of calls:    0

    [0m [90m  98 |[39m     middleware[33m.[39muse(mockRequest[33m,[39m 
mockResponse[33m,[39m next)[33m;[39m
     [90m  99 |[39m
    [31m[1m>[22m[39m[90m 100 |[39m     
expect(loggerSpy)[33m.[39mtoHaveBeenCalled()[33m;[39m
     [90m     |[39m                       [31m[1m^[22m[39m
     [90m 101 |[39m   })[33m;[39m
     [90m 102 |[39m })[33m;[39m
     [90m 103 |[39m[0m

      at Object.<anonymous> 
(common/middleware/request-logger.middleware.spec.ts:100:23)

[31m[Nest] 21460  - [39m08/04/2026 12:55:20 [31m  ERROR[39m 
[38;5;3m[Testing] [39m[31m[NO_CORRELATION_ID] [GET] /test - 404 | Error: 
Not Found {"userId":"user-123","correlationId":"corr-123"}[39m
HttpException: Not Found
    at Object.<anonymous> (C:\Users\Mon Pc\Desktop\NEUROSTAGE_AI_backend\src\co
mmon\filters\exception.filter.spec.ts:45:27)
    at Promise.finally.completed (C:\Users\Mon Pc\Desktop\NEUROSTAGE_AI_backend
\node_modules\jest-circus\build\jestAdapterInit.js:1557:28)
    at new Promise (<anonymous>)
    at callAsyncCircusFn (C:\Users\Mon Pc\Desktop\NEUROSTAGE_AI_backend\node_mo
dules\jest-circus\build\jestAdapterInit.js:1497:10)
    at _callCircusTest (C:\Users\Mon Pc\Desktop\NEUROSTAGE_AI_backend\node_modu
les\jest-circus\build\jestAdapterInit.js:1007:40)
    at _runTest (C:\Users\Mon Pc\Desktop\NEUROSTAGE_AI_backend\node_modules\jes
t-circus\build\jestAdapterInit.js:947:3)
    at C:\Users\Mon Pc\Desktop\NEUROSTAGE_AI_backend\node_modules\jest-circus\b
uild\jestAdapterInit.js:849:7
    at _runTestsForDescribeBlock (C:\Users\Mon Pc\Desktop\NEUROSTAGE_AI_backend
\node_modules\jest-circus\build\jestAdapterInit.js:862:11)
    at _runTestsForDescribeBlock (C:\Users\Mon Pc\Desktop\NEUROSTAGE_AI_backend
\node_modules\jest-circus\build\jestAdapterInit.js:857:11)
    at run (C:\Users\Mon Pc\Desktop\NEUROSTAGE_AI_backend\node_modules\jest-cir
cus\build\jestAdapterInit.js:761:3)
    at runAndTransformResultsToJestFormat (C:\Users\Mon Pc\Desktop\NEUROSTAGE_A
I_backend\node_modules\jest-circus\build\jestAdapterInit.js:1918:21)
    at jestAdapter (C:\Users\Mon Pc\Desktop\NEUROSTAGE_AI_backend\node_modules\
jest-circus\build\runner.js:101:19)
    at runTestInternal (C:\Users\Mon Pc\Desktop\NEUROSTAGE_AI_backend\node_modu
les\jest-runner\build\index.js:275:16)
    at runTest (C:\Users\Mon 
Pc\Desktop\NEUROSTAGE_AI_backend\node_modules\jest-runner\build\index.js:343:7)
[31m[Nest] 21460  - [39m08/04/2026 12:55:20 [31m  ERROR[39m 
[38;5;3m[Testing] [39m[31m[NO_CORRELATION_ID] [POST] /test - 500 | Error: 
Something went wrong {"userId":"user-456","correlationId":"corr-456"}[39m
Error: Something went wrong
    at Object.<anonymous> (C:\Users\Mon Pc\Desktop\NEUROSTAGE_AI_backend\src\co
mmon\filters\exception.filter.spec.ts:74:19)
    at Promise.finally.completed (C:\Users\Mon Pc\Desktop\NEUROSTAGE_AI_backend
\node_modules\jest-circus\build\jestAdapterInit.js:1557:28)
    at new Promise (<anonymous>)
    at callAsyncCircusFn (C:\Users\Mon Pc\Desktop\NEUROSTAGE_AI_backend\node_mo
dules\jest-circus\build\jestAdapterInit.js:1497:10)
    at _callCircusTest (C:\Users\Mon Pc\Desktop\NEUROSTAGE_AI_backend\node_modu
les\jest-circus\build\jestAdapterInit.js:1007:40)
    at _runTest (C:\Users\Mon Pc\Desktop\NEUROSTAGE_AI_backend\node_modules\jes
t-circus\build\jestAdapterInit.js:947:3)
    at C:\Users\Mon Pc\Desktop\NEUROSTAGE_AI_backend\node_modules\jest-circus\b
uild\jestAdapterInit.js:849:7
    at _runTestsForDescribeBlock (C:\Users\Mon Pc\Desktop\NEUROSTAGE_AI_backend
\node_modules\jest-circus\build\jestAdapterInit.js:862:11)
    at _runTestsForDescribeBlock (C:\Users\Mon Pc\Desktop\NEUROSTAGE_AI_backend
\node_modules\jest-circus\build\jestAdapterInit.js:857:11)
    at run (C:\Users\Mon Pc\Desktop\NEUROSTAGE_AI_backend\node_modules\jest-cir
cus\build\jestAdapterInit.js:761:3)
    at runAndTransformResultsToJestFormat (C:\Users\Mon Pc\Desktop\NEUROSTAGE_A
I_backend\node_modules\jest-circus\build\jestAdapterInit.js:1918:21)
    at jestAdapter (C:\Users\Mon Pc\Desktop\NEUROSTAGE_AI_backend\node_modules\
jest-circus\build\runner.js:101:19)
    at runTestInternal (C:\Users\Mon Pc\Desktop\NEUROSTAGE_AI_backend\node_modu
les\jest-runner\build\index.js:275:16)
    at runTest (C:\Users\Mon 
Pc\Desktop\NEUROSTAGE_AI_backend\node_modules\jest-runner\build\index.js:343:7)
[31m[Nest] 21460  - [39m08/04/2026 12:55:20 [31m  ERROR[39m 
[38;5;3m[Testing] [39m[31m[NO_CORRELATION_ID] [GET] /test - 500 | Error: 
Test {"correlationId":"test-corr-id-789"}[39m
Error: Test
    at Object.<anonymous> (C:\Users\Mon Pc\Desktop\NEUROSTAGE_AI_backend\src\co
mmon\filters\exception.filter.spec.ts:101:18)
    at Promise.finally.completed (C:\Users\Mon Pc\Desktop\NEUROSTAGE_AI_backend
\node_modules\jest-circus\build\jestAdapterInit.js:1557:28)
    at new Promise (<anonymous>)
    at callAsyncCircusFn (C:\Users\Mon Pc\Desktop\NEUROSTAGE_AI_backend\node_mo
dules\jest-circus\build\jestAdapterInit.js:1497:10)
    at _callCircusTest (C:\Users\Mon Pc\Desktop\NEUROSTAGE_AI_backend\node_modu
les\jest-circus\build\jestAdapterInit.js:1007:40)
    at _runTest (C:\Users\Mon Pc\Desktop\NEUROSTAGE_AI_backend\node_modules\jes
t-circus\build\jestAdapterInit.js:947:3)
    at C:\Users\Mon Pc\Desktop\NEUROSTAGE_AI_backend\node_modules\jest-circus\b
uild\jestAdapterInit.js:849:7
    at _runTestsForDescribeBlock (C:\Users\Mon Pc\Desktop\NEUROSTAGE_AI_backend
\node_modules\jest-circus\build\jestAdapterInit.js:862:11)
    at _runTestsForDescribeBlock (C:\Users\Mon Pc\Desktop\NEUROSTAGE_AI_backend
\node_modules\jest-circus\build\jestAdapterInit.js:857:11)
    at run (C:\Users\Mon Pc\Desktop\NEUROSTAGE_AI_backend\node_modules\jest-cir
cus\build\jestAdapterInit.js:761:3)
    at runAndTransformResultsToJestFormat (C:\Users\Mon Pc\Desktop\NEUROSTAGE_A
I_backend\node_modules\jest-circus\build\jestAdapterInit.js:1918:21)
    at jestAdapter (C:\Users\Mon Pc\Desktop\NEUROSTAGE_AI_backend\node_modules\
jest-circus\build\runner.js:101:19)
    at runTestInternal (C:\Users\Mon Pc\Desktop\NEUROSTAGE_AI_backend\node_modu
les\jest-runner\build\index.js:275:16)
    at runTest (C:\Users\Mon 
Pc\Desktop\NEUROSTAGE_AI_backend\node_modules\jest-runner\build\index.js:343:7)
FAIL src/common/filters/exception.filter.spec.ts
  ÔùÅ AllExceptionsFilter ÔÇ║ should handle HttpException

    expect(jest.fn()).toHaveBeenCalled()

    Expected number of calls: >= 1
    Received number of calls:    0

    [0m [90m 48 |[39m     expect(mockResponse[33m.[39mstatus)[33m.[39mto
HaveBeenCalledWith([35m404[39m)[33m;[39m
     [90m 49 |[39m     
expect(mockResponse[33m.[39mjson)[33m.[39mtoHaveBeenCalled()[33m;[39m
    [31m[1m>[22m[39m[90m 50 |[39m     
expect(loggerSpy)[33m.[39mtoHaveBeenCalled()[33m;[39m
     [90m    |[39m                       [31m[1m^[22m[39m
     [90m 51 |[39m   })[33m;[39m
     [90m 52 |[39m
     [90m 53 |[39m   it([32m'should handle Error exception'[39m[33m,[39m 
() [33m=>[39m {[0m

      at Object.<anonymous> (common/filters/exception.filter.spec.ts:50:23)

  ÔùÅ AllExceptionsFilter ÔÇ║ should handle Error exception

    expect(jest.fn()).toHaveBeenCalled()

    Expected number of calls: >= 1
    Received number of calls:    0

    [0m [90m 77 |[39m     expect(mockResponse[33m.[39mstatus)[33m.[39mto
HaveBeenCalledWith([35m500[39m)[33m;[39m
     [90m 78 |[39m     
expect(mockResponse[33m.[39mjson)[33m.[39mtoHaveBeenCalled()[33m;[39m
    [31m[1m>[22m[39m[90m 79 |[39m     
expect(loggerSpy)[33m.[39mtoHaveBeenCalled()[33m;[39m
     [90m    |[39m                       [31m[1m^[22m[39m
     [90m 80 |[39m   })[33m;[39m
     [90m 81 |[39m
     [90m 82 |[39m   it([32m'should include correlation ID in 
response'[39m[33m,[39m () [33m=>[39m {[0m

      at Object.<anonymous> (common/filters/exception.filter.spec.ts:79:23)

[31m[Nest] 21460  - [39m08/04/2026 12:55:20 [31m  ERROR[39m 
[38;5;3m[Testing] [39m[31m[NO_CORRELATION_ID] Failed to log audit event | 
Error: Database error {"action":"CREATED_SUBJECT","userId":"user-123","resource
Type":"Subject","resourceId":"subject-456"}[39m
Error: Database error
    at Object.<anonymous> (C:\Users\Mon 
Pc\Desktop\NEUROSTAGE_AI_backend\src\common\audit\audit.service.spec.ts:131:26)
    at Promise.finally.completed (C:\Users\Mon Pc\Desktop\NEUROSTAGE_AI_backend
\node_modules\jest-circus\build\jestAdapterInit.js:1557:28)
    at new Promise (<anonymous>)
    at callAsyncCircusFn (C:\Users\Mon Pc\Desktop\NEUROSTAGE_AI_backend\node_mo
dules\jest-circus\build\jestAdapterInit.js:1497:10)
    at _callCircusTest (C:\Users\Mon Pc\Desktop\NEUROSTAGE_AI_backend\node_modu
les\jest-circus\build\jestAdapterInit.js:1007:40)
    at _runTest (C:\Users\Mon Pc\Desktop\NEUROSTAGE_AI_backend\node_modules\jes
t-circus\build\jestAdapterInit.js:947:3)
    at C:\Users\Mon Pc\Desktop\NEUROSTAGE_AI_backend\node_modules\jest-circus\b
uild\jestAdapterInit.js:849:7
    at _runTestsForDescribeBlock (C:\Users\Mon Pc\Desktop\NEUROSTAGE_AI_backend
\node_modules\jest-circus\build\jestAdapterInit.js:862:11)
    at _runTestsForDescribeBlock (C:\Users\Mon Pc\Desktop\NEUROSTAGE_AI_backend
\node_modules\jest-circus\build\jestAdapterInit.js:857:11)
    at run (C:\Users\Mon Pc\Desktop\NEUROSTAGE_AI_backend\node_modules\jest-cir
cus\build\jestAdapterInit.js:761:3)
    at runAndTransformResultsToJestFormat (C:\Users\Mon Pc\Desktop\NEUROSTAGE_A
I_backend\node_modules\jest-circus\build\jestAdapterInit.js:1918:21)
    at jestAdapter (C:\Users\Mon Pc\Desktop\NEUROSTAGE_AI_backend\node_modules\
jest-circus\build\runner.js:101:19)
    at runTestInternal (C:\Users\Mon Pc\Desktop\NEUROSTAGE_AI_backend\node_modu
les\jest-runner\build\index.js:275:16)
    at runTest (C:\Users\Mon 
Pc\Desktop\NEUROSTAGE_AI_backend\node_modules\jest-runner\build\index.js:343:7)
PASS src/common/audit/audit.service.spec.ts
PASS src/common/validators/email-domain.validator.spec.ts
[31m[Nest] 21460  - [39m08/04/2026 12:55:20 [31m  ERROR[39m 
[38;5;3m[Testing] [39m[31m[NO_CORRELATION_ID] Error message | Error: Test 
error {"userId":"123"}[39m
Error: Test error
    at Object.<anonymous> (C:\Users\Mon Pc\Desktop\NEUROSTAGE_AI_backend\src\co
mmon\logger\logger.service.spec.ts:27:36)
    at Promise.finally.completed (C:\Users\Mon Pc\Desktop\NEUROSTAGE_AI_backend
\node_modules\jest-circus\build\jestAdapterInit.js:1557:28)
    at new Promise (<anonymous>)
    at callAsyncCircusFn (C:\Users\Mon Pc\Desktop\NEUROSTAGE_AI_backend\node_mo
dules\jest-circus\build\jestAdapterInit.js:1497:10)
    at _callCircusTest (C:\Users\Mon Pc\Desktop\NEUROSTAGE_AI_backend\node_modu
les\jest-circus\build\jestAdapterInit.js:1007:40)
    at _runTest (C:\Users\Mon Pc\Desktop\NEUROSTAGE_AI_backend\node_modules\jes
t-circus\build\jestAdapterInit.js:947:3)
    at C:\Users\Mon Pc\Desktop\NEUROSTAGE_AI_backend\node_modules\jest-circus\b
uild\jestAdapterInit.js:849:7
    at _runTestsForDescribeBlock (C:\Users\Mon Pc\Desktop\NEUROSTAGE_AI_backend
\node_modules\jest-circus\build\jestAdapterInit.js:862:11)
    at _runTestsForDescribeBlock (C:\Users\Mon Pc\Desktop\NEUROSTAGE_AI_backend
\node_modules\jest-circus\build\jestAdapterInit.js:857:11)
    at run (C:\Users\Mon Pc\Desktop\NEUROSTAGE_AI_backend\node_modules\jest-cir
cus\build\jestAdapterInit.js:761:3)
    at runAndTransformResultsToJestFormat (C:\Users\Mon Pc\Desktop\NEUROSTAGE_A
I_backend\node_modules\jest-circus\build\jestAdapterInit.js:1918:21)
    at jestAdapter (C:\Users\Mon Pc\Desktop\NEUROSTAGE_AI_backend\node_modules\
jest-circus\build\runner.js:101:19)
    at runTestInternal (C:\Users\Mon Pc\Desktop\NEUROSTAGE_AI_backend\node_modu
les\jest-runner\build\index.js:275:16)
    at runTest (C:\Users\Mon 
Pc\Desktop\NEUROSTAGE_AI_backend\node_modules\jest-runner\build\index.js:343:7)
[31m[Nest] 21460  - [39m08/04/2026 12:55:20 [31m  ERROR[39m 
[38;5;3m[Testing] [39m[31m[NO_CORRELATION_ID] Error without context | 
Error: Test[39m
Error: Test
    at Object.<anonymous> (C:\Users\Mon Pc\Desktop\NEUROSTAGE_AI_backend\src\co
mmon\logger\logger.service.spec.ts:51:44)
    at Promise.finally.completed (C:\Users\Mon Pc\Desktop\NEUROSTAGE_AI_backend
\node_modules\jest-circus\build\jestAdapterInit.js:1557:28)
    at new Promise (<anonymous>)
    at callAsyncCircusFn (C:\Users\Mon Pc\Desktop\NEUROSTAGE_AI_backend\node_mo
dules\jest-circus\build\jestAdapterInit.js:1497:10)
    at _callCircusTest (C:\Users\Mon Pc\Desktop\NEUROSTAGE_AI_backend\node_modu
les\jest-circus\build\jestAdapterInit.js:1007:40)
    at _runTest (C:\Users\Mon Pc\Desktop\NEUROSTAGE_AI_backend\node_modules\jes
t-circus\build\jestAdapterInit.js:947:3)
    at C:\Users\Mon Pc\Desktop\NEUROSTAGE_AI_backend\node_modules\jest-circus\b
uild\jestAdapterInit.js:849:7
    at _runTestsForDescribeBlock (C:\Users\Mon Pc\Desktop\NEUROSTAGE_AI_backend
\node_modules\jest-circus\build\jestAdapterInit.js:862:11)
    at _runTestsForDescribeBlock (C:\Users\Mon Pc\Desktop\NEUROSTAGE_AI_backend
\node_modules\jest-circus\build\jestAdapterInit.js:857:11)
    at run (C:\Users\Mon Pc\Desktop\NEUROSTAGE_AI_backend\node_modules\jest-cir
cus\build\jestAdapterInit.js:761:3)
    at runAndTransformResultsToJestFormat (C:\Users\Mon Pc\Desktop\NEUROSTAGE_A
I_backend\node_modules\jest-circus\build\jestAdapterInit.js:1918:21)
    at jestAdapter (C:\Users\Mon Pc\Desktop\NEUROSTAGE_AI_backend\node_modules\
jest-circus\build\runner.js:101:19)
    at runTestInternal (C:\Users\Mon Pc\Desktop\NEUROSTAGE_AI_backend\node_modu
les\jest-runner\build\index.js:275:16)
    at runTest (C:\Users\Mon 
Pc\Desktop\NEUROSTAGE_AI_backend\node_modules\jest-runner\build\index.js:343:7)
PASS src/common/logger/logger.service.spec.ts
PASS src/app.controller.spec.ts
PASS src/common/validators/password-strength.validator.spec.ts
FAIL src/modules/auth/auth.service.spec.ts
  ÔùÅ Test suite failed to run

    Cannot find module 'src/modules/roles/entities/role.entity' from 
'modules/auth/auth.service.ts'

    Require stack:
      modules/auth/auth.service.ts
      modules/auth/auth.service.spec.ts

    [0m [90m  5 |[39m [36mimport[39m { [33mRegisterDto[39m } 
[36mfrom[39m [32m'./dto/register.dto'[39m[33m;[39m
     [90m  6 |[39m [36mimport[39m [33m*[39m [36mas[39m bcrypt 
[36mfrom[39m [32m'bcrypt'[39m[33m;[39m
    [31m[1m>[22m[39m[90m  7 |[39m [36mimport[39m { [33mRole[39m } 
[36mfrom[39m [32m'src/modules/roles/entities/role.entity'[39m[33m;[39m
     [90m    |[39m [31m[1m^[22m[39m
     [90m  8 |[39m [36mimport[39m { [33mNotFoundException[39m } 
[36mfrom[39m [32m'@nestjs/common'[39m[33m;[39m
     [90m  9 |[39m [36mimport[39m { [33mUserResponseDto[39m } 
[36mfrom[39m [32m'./dto/user-response.dto'[39m[33m;[39m
     [90m 10 |[39m [36mimport[39m { plainToInstance } [36mfrom[39m 
[32m'class-transformer'[39m[33m;[39m[0m

      at Resolver._throwModNotFoundError 
(../node_modules/jest-resolve/build/index.js:863:11)
      at Object.<anonymous> (modules/auth/auth.service.ts:7:1)
      at Object.<anonymous> (modules/auth/auth.service.spec.ts:2:1)

FAIL src/modules/auth/auth.controller.spec.ts
  ÔùÅ Test suite failed to run

    Cannot find module 'src/modules/roles/entities/role.entity' from 
'modules/auth/auth.service.ts'

    Require stack:
      modules/auth/auth.service.ts
      modules/auth/auth.controller.ts
      modules/auth/auth.controller.spec.ts

    [0m [90m  5 |[39m [36mimport[39m { [33mRegisterDto[39m } 
[36mfrom[39m [32m'./dto/register.dto'[39m[33m;[39m
     [90m  6 |[39m [36mimport[39m [33m*[39m [36mas[39m bcrypt 
[36mfrom[39m [32m'bcrypt'[39m[33m;[39m
    [31m[1m>[22m[39m[90m  7 |[39m [36mimport[39m { [33mRole[39m } 
[36mfrom[39m [32m'src/modules/roles/entities/role.entity'[39m[33m;[39m
     [90m    |[39m [31m[1m^[22m[39m
     [90m  8 |[39m [36mimport[39m { [33mNotFoundException[39m } 
[36mfrom[39m [32m'@nestjs/common'[39m[33m;[39m
     [90m  9 |[39m [36mimport[39m { [33mUserResponseDto[39m } 
[36mfrom[39m [32m'./dto/user-response.dto'[39m[33m;[39m
     [90m 10 |[39m [36mimport[39m { plainToInstance } [36mfrom[39m 
[32m'class-transformer'[39m[33m;[39m[0m

      at Resolver._throwModNotFoundError 
(../node_modules/jest-resolve/build/index.js:863:11)
      at Object.<anonymous> (modules/auth/auth.service.ts:7:1)
      at Object.<anonymous> (modules/auth/auth.controller.ts:2:1)
      at Object.<anonymous> (modules/auth/auth.controller.spec.ts:2:1)

Test Suites: 4 failed, 5 passed, 9 total
Tests:       5 failed, 39 passed, 44 total
Snapshots:   0 total
Time:        1.995 s
Ran all test suites.
npm verbose cwd C:\Users\Mon Pc\Desktop\NEUROSTAGE_AI_backend
npm verbose os Windows_NT 10.0.26200
npm verbose node v22.13.0
npm verbose npm  v10.9.2
npm verbose exit 1
npm verbose code 1
